// Vitest Snapshot v1, https://vitest.dev/guide/snapshot.html

exports[`FP component > renders a div by default 1`] = `<div />`;
